// Vitest Snapshot v1

exports[`<Header/> > should render component 1`] = `
<header
  className="flex items-center justify-between py-2 px-4"
>
  <div>
    <div
      className="_menuItem_o6kzu_1"
    >
      <a
        className="_appName_1jhvd_13"
        href="/"
        onClick={[Function]}
      >
        rocco
      </a>
    </div>
  </div>
  <div>
    <div
      className="_menuItem_o6kzu_1"
    >
      <a
        className="btn border-none min-h-0 h-10 text-white ml-4"
        href="/login"
        onClick={[Function]}
      >
        Log In
      </a>
    </div>
  </div>
</header>
`;
