// Vitest Snapshot v1, https://vitest.dev/guide/snapshot.html

exports[`<Header/> > should render component 1`] = `
<header
  className="flex items-center justify-between py-4 max-md:px-2"
>
  <div
    className="_menuItem_02ca72"
  >
    <a
      className="text-primary font-extrabold lowercase text-4xl"
      href="/"
      onClick={[Function]}
    >
      Rocco
    </a>
  </div>
  <div
    className="_menuItem_02ca72"
  >
    <a
      className="btn btn-primary"
      href="/login"
      onClick={[Function]}
    >
      Log In
    </a>
  </div>
</header>
`;
